// Jest Snapshot v1, https://goo.gl/fbAQLP

exports[`<Header__Header /> should render correctly 1`] = `
.c0 {
  -webkit-flex: 1 50px;
  -ms-flex: 1 50px;
  flex: 1 50px;
  display: -webkit-box;
  display: -webkit-flex;
  display: -ms-flexbox;
  display: flex;
  padding: 5px 0;
  height: 50px;
}

<div
  className="c0"
/>
`;
