// Jest Snapshot v1, https://goo.gl/fbAQLP

exports[`<Mock /> should render correctly 1`] = `
<Wrapper__Wrapper>
  <h2>
    Mock Options
  </h2>
  <hr />
  <CustomizedDefaultButton
    onClick={[Function]}
    text="Clear Token"
  />
  <h3>
    Switch User
  </h3>
  <Mock__Field>
    <TextField
      autoAdjustHeight={false}
      borderless={false}
      deferredValidationTime={200}
      disabled={true}
      errorMessage=""
      label="Current User"
      multiline={false}
      onBeforeChange={[Function]}
      onChanged={[Function]}
      onGetErrorMessage={[Function]}
      onNotifyValidationResult={[Function]}
      resizable={true}
      underlined={false}
      validateOnFocusIn={false}
      validateOnFocusOut={false}
      validateOnLoad={true}
    />
  </Mock__Field>
  <Mock__Field
    key="group1"
  >
    <WithResponsiveMode
      id="group1"
      label="group1 Test Users"
      onChanged={[Function]}
      options={
        Array [
          Object {
            "key": "test key 1",
            "name": "test name 1",
          },
          Object {
            "key": "test key 2",
            "name": "test name 2",
          },
        ]
      }
    />
  </Mock__Field>
  <Mock__Field
    key="group2"
  >
    <WithResponsiveMode
      id="group2"
      label="group2 Test Users"
      onChanged={[Function]}
      options={
        Array [
          Object {
            "key": "test key 3",
            "name": "test name 3",
          },
          Object {
            "key": "test key 4",
            "name": "test name 4",
          },
        ]
      }
    />
  </Mock__Field>
</Wrapper__Wrapper>
`;

exports[`<Mock__Field /> should render correctly 1`] = `
.c0 label {
  color: #ffffff;
}

<div
  className="c0"
/>
`;
