// Jest Snapshot v1, https://goo.gl/fbAQLP

exports[`<LoadingMessage /> should render correctly 1`] = `
<Wrapper__Wrapper>
  <Spinner
    ariaLive="assertive"
    label="Loading..."
    size={3}
  />
</Wrapper__Wrapper>
`;
