// Jest Snapshot v1, https://goo.gl/fbAQLP

exports[`<Item__Item /> should render correctly 1`] = `
.c0 {
  display: -webkit-box;
  display: -webkit-flex;
  display: -ms-flexbox;
  display: flex;
  -webkit-align-items: center;
  -webkit-box-align: center;
  -ms-flex-align: center;
  align-items: center;
  height: 50px;
}

<div
  className="c0"
/>
`;
