// Jest Snapshot v1, https://goo.gl/fbAQLP

exports[`<Logo__Img /> should render correctly 1`] = `
.c0 {
  height: 50px;
  margin: 0 10px;
}

<img
  className="c0"
/>
`;
