// Jest Snapshot v1, https://goo.gl/fbAQLP

exports[`<Header__Header /> should render correctly 1`] = `
.c0 {
  display: -webkit-box;
  display: -webkit-flex;
  display: -ms-flexbox;
  display: flex;
  -webkit-flex: 1;
  -ms-flex: 1;
  flex: 1;
  padding: 5px 5px 15px 5px;
  height: 60px;
}

<div
  className="c0"
/>
`;
