// Jest Snapshot v1, https://goo.gl/fbAQLP

exports[`<Panel /> should render correctly 1`] = `
<Wrapper__Wrapper
  isOpen={true}
>
  <Overlay__Overlay
    onClick={[Function]}
  />
  <Content__Content
    left={false}
  >
    <Children />
  </Content__Content>
</Wrapper__Wrapper>
`;
