// Jest Snapshot v1, https://goo.gl/fbAQLP

exports[`<Wrapper__Wrapper /> should render correctly 1`] = `
.c0 {
  cursor: pointer;
}

<div
  className="c0"
/>
`;
