// Jest Snapshot v1, https://goo.gl/fbAQLP

exports[`<Authorizations /> should render correctly 1`] = `
<Authorizations__StyledList
  columns={Array []}
  items={Array []}
/>
`;

exports[`<Authorizations__StyledList /> should render correctly 1`] = `
.c0 {
  -webkit-flex: 1;
  -ms-flex: 1;
  flex: 1;
  margin: 5px;
}

<List
  className="c0"
  empty={
    Object {
      "message": "No items",
    }
  }
  enums={Object {}}
  items={Array []}
  selectionMode={0}
  style={Object {}}
/>
`;
