// Jest Snapshot v1, https://goo.gl/fbAQLP

exports[`<Wrapper__Wrapper /> should render correctly 1`] = `
.c0 {
  display: -webkit-box;
  display: -webkit-flex;
  display: -ms-flexbox;
  display: flex;
  -webkit-flex-wrap: wrap;
  -ms-flex-wrap: wrap;
  flex-wrap: wrap;
  width: 100%;
  padding: 5px;
  min-height: calc(100vh -     50px);
}

<div
  className="c0"
/>
`;
